[backblue.gif]
[fade.gif]
[index.html]
[info.softwareag.com/rs/858-DJP-749/images/marketo.form.custom.js]
[www.softwareag.cloud/site/js/vendor/jquery.min.js]
[www.softwareag.cloud/site/js/vendor/headroom.js]
[www.softwareag.cloud/site/js/vendor/bootstrap.bundle.min.js]
[www.softwareag.cloud/site/js/vendor/jquery.iosslider.min.js]
[www.softwareag.cloud/site/js/vendor/aos.js]
[www.softwareag.cloud/site/js/main.js]
[www.softwareag.cloud/site/js/config.js]
[www.softwareag.cloud/content/js/loadapp.js]
[www.softwareag.cloud/site/product/webmethods-io-integration.html]
[www.softwareag.cloud/site/fonts/avenir-next-bold.woff2]
[www.softwareag.cloud/site/fonts/avenir-next-light.woff2]
[www.softwareag.cloud/site/fonts/avenir-next-regular.woff2]
[www.softwareag.cloud/site/fonts/Roboto-Regular.woff]
[www.softwareag.cloud/site/fonts/Roboto-RegularItalic.woff]
[www.softwareag.cloud/site/fonts/Roboto-Bold.woff]
[www.softwareag.cloud/site/fonts/Roboto-Light.woff]
[www.softwareag.cloud/site/fonts/Roboto-Medium.woff]
[www.softwareag.cloud/site/fonts/dlt-icons.woff2]
[www.softwareag.cloud/site/fonts/dlt-icons.woff]
[www.softwareag.cloud/site/fonts/dlt-icons.ttf]
[www.softwareag.cloud/site/fonts/sag_product_icons.eot]
[www.softwareag.cloud/site/fonts/sag_product_iconsd41d.eot]
[www.softwareag.cloud/site/fonts/sag_product_icons.woff2]
[www.softwareag.cloud/site/fonts/sag_product_icons.woff]
[www.softwareag.cloud/site/fonts/sag_product_icons.ttf]
[www.softwareag.cloud/site/fonts/dlt-icons-tempba0f.eot]
[www.softwareag.cloud/site/fonts/dlt-icons-tempba0f.ttf]
[www.softwareag.cloud/site/fonts/dlt-icons-tempba0f.woff]
[www.softwareag.cloud/site/style.1eafeabd414559e3feddaad415a8fb7c9ec1ab51_250.css]
[www.googletagmanager.com/gtm5445.html]
[info.softwareag.com/rs/858-DJP-749/images/marketo_direct.css]
[info.softwareag.com/rs/858-DJP-749/images/jquery.autocomplete.js]
[info.softwareag.com/rs/858-DJP-749/images/marketo.form.custom.js]
[info.softwareag.com/rs/858-DJP-749/images/marketo.direct.js]
[www.softwareag.cloud/site/images/uploads/ebook-alfabet.jpg]
[www.softwareag.cloud/site/product/alfabet.html]
[www.softwareag.cloud/site/images/uploads/enrique-ascaso.jpg]
[www.softwareag.cloud/site/images/uploads/klaus-weber.jpg]
[www.softwareag.cloud/site/images/uploads/danske-bank-400px.png]
[www.softwareag.cloud/site/images/uploads/dutch-railways.png]
[www.softwareag.cloud/site/images/uploads/nationwide-logo.png]
[www.softwareag.cloud/site/images/uploads/philips-logo-400px.png]
[www.softwareag.cloud/site/images/uploads/vodafone-logo-400px.png]
[www.softwareag.cloud/site/product/aris.html]
[www.softwareag.cloud/site/images/uploads/c8y-highlight-1.jpg]
[www.softwareag.cloud/site/images/uploads/c8y-highlight-2.jpg]
[www.softwareag.cloud/site/images/uploads/c8y-highlight-3.jpg]
[www.softwareag.cloud/site/images/uploads/quickstart-cta-photo-2.jpg]
[www.softwareag.cloud/site/images/uploads/jukka-kuusinen-tieto.jpg]
[www.softwareag.cloud/site/images/uploads/raoul_marechal-lyreco.jpg]
[www.softwareag.cloud/site/images/uploads/shinichi-ishimatsu-microtechnology.jpg]
[www.softwareag.cloud/site/images/uploads/a1_digital_logo.png]
[www.softwareag.cloud/site/images/uploads/microtechnology-logo.jpg]
[www.softwareag.cloud/site/images/uploads/paypal.jpg]
[www.softwareag.cloud/site/images/uploads/tesltra.jpg]
[www.softwareag.cloud/site/product/cumulocity-iot.html]
[www.softwareag.cloud/site/product/webmethods-agile-apps.html]
[www.softwareag.cloud/site/product/webmethods-api.html]
[www.softwareag.cloud/site/product/webmethods-b2b.html]
[www.softwareag.cloud/site/fonts/dlt-icons.eot]
[www.softwareag.cloud/site/fonts/dlt-iconsd41d.eot]
[www.softwareag.cloud/site/fonts/dlt-icons.svg]
[www.softwareag.cloud/site/fonts/sag_product_icons.svg]
[www.softwareag.cloud/site/fonts/dlt-icons-tempba0f.svg]
[info.softwareag.com/rs/858-DJP-749/images/marketo_direct.css]
[info.softwareag.com/rs/858-DJP-749/images/jquery.autocomplete.js]
[info.softwareag.com/rs/858-DJP-749/images/marketo.direct.js]
[www.softwareag.cloud/site/product/alfabet-fastlane-deutsch.html]
[info.softwareag.com/rs/858-DJP-749/images/countries.xml]
